(Grammar
    (Declarations
    )
    (Rules
        (Rule X
            (production [ X, ]
            )
        )
    )
    (StartSymbol X)
)
